[2026-09-15 22:52:31] === Deployment dimulai ===
[2026-09-15 22:52:31] Request token: My_Thesis_2026
[2026-09-15 22:52:31] Repository path: /home/aulg3645/public_html/mythesis
[2026-09-15 22:52:31] Git pull output:
[2026-09-15 22:52:31] From github.com:fauziddin-tech/thesis-guidance-app
 * branch            main       -> FETCH_HEAD
Already up to date.

[2026-09-15 22:52:31] OpCache cleared
[2026-09-15 22:52:31] === Deployment selesai ===
[2026-09-15 22:52:31] 
[2026-09-15 22:58:54] === Deployment dimulai ===
[2026-09-15 22:58:54] Request token: My_Thesis_2026
[2026-09-15 22:58:54] Repository path: /home/aulg3645/public_html/mythesis
[2026-09-15 22:58:54] Git pull output:
[2026-09-15 22:58:54] From github.com:fauziddin-tech/thesis-guidance-app
 * branch            main       -> FETCH_HEAD
Already up to date.

[2026-09-15 22:58:54] OpCache cleared
[2026-09-15 22:58:54] === Deployment selesai ===
[2026-09-15 22:58:54] 
